src/components/CompareResultsGrid.tsx(4,10): error TS1484: 'CompareResult' is a type and must be imported using a type-only import when 'verbatimModuleSyntax' is enabled.
src/components/CompareResultsGrid.tsx(4,39): error TS1484: 'PlatformPrice' is a type and must be imported using a type-only import when 'verbatimModuleSyntax' is enabled.
src/components/PlatformPriceCard.tsx(3,10): error TS1484: 'PlatformPrice' is a type and must be imported using a type-only import when 'verbatimModuleSyntax' is enabled.
src/components/PriceSearchBar.tsx(3,26): error TS6133: 'Mic' is declared but its value is never read.
src/pages/Compare.tsx(9,24): error TS1484: 'CompareResult' is a type and must be imported using a type-only import when 'verbatimModuleSyntax' is enabled.
